ubuntu@Ubuntu-GUI:~$ export GITHUB_USERNAME=KhotAbuch
ubuntu@Ubuntu-GUI:~$ cd ${GITHUB_USERNAME}/workspace
ubuntu@Ubuntu-GUI:~/KhotAbuch/workspace$ pushd .
~/KhotAbuch/workspace ~/KhotAbuch/workspace
ubuntu@Ubuntu-GUI:~/KhotAbuch/workspace$ source scripts/activate
ubuntu@Ubuntu-GUI:~/KhotAbuch/workspace$ git clone https://github.com/${GITHUB_USERNAME}/lab02.git projects/lab03
Cloning into 'projects/lab03'...
remote: Enumerating objects: 9, done.
remote: Counting objects: 100% (9/9), done.
remote: Compressing objects: 100% (7/7), done.
remote: Total 9 (delta 0), reused 3 (delta 0), pack-reused 0 (from 0)
Receiving objects: 100% (9/9), 4.36 KiB | 4.36 MiB/s, done.
ubuntu@Ubuntu-GUI:~/KhotAbuch/workspace$ cd projects/lab03
ubuntu@Ubuntu-GUI:~/KhotAbuch/workspace/projects/lab03$ git remote remove origin
ubuntu@Ubuntu-GUI:~/KhotAbuch/workspace/projects/lab03$ git remote add origin https://github.com/${GITHUB_USERNAME}/lab03.git
ubuntu@Ubuntu-GUI:~/KhotAbuch/workspace/projects/lab03$ g++ -std=c++11 -I./include -c sources/print.cpp
cc1plus: fatal error: sources/print.cpp: No such file or directory
compilation terminated.
ubuntu@Ubuntu-GUI:~/KhotAbuch/workspace/projects/lab03$ mkdir -p include sources examples
ubuntu@Ubuntu-GUI:~/KhotAbuch/workspace/projects/lab03$ cat > include/print.h <<'EOF'
#pragma once
#include <string>
#include <fstream>
void print(const std::string& text, std::ostream& out = std::cout);
void print(const std::string& text, const std::string& filename);
EOF
ubuntu@Ubuntu-GUI:~/KhotAbuch/workspace/projects/lab03$ cat > sources/print.cpp <<'EOF'
#include "print.h"
#include <fstream>
void print(const std::string& text, std::ostream& out) {
    out << text;
}
void print(const std::string& text, const std::string& filename) {
    std::ofstream file(filename, std::ios::app);
    print(text, file);
}
EOF
ubuntu@Ubuntu-GUI:~/KhotAbuch/workspace/projects/lab03$ cat > examples/example1.cpp <<'EOF'
#include "print.h"
int main() {
    print("Hello, World!\n");
    return 0;
}
EOF
ubuntu@Ubuntu-GUI:~/KhotAbuch/workspace/projects/lab03$ cat > examples/example2.cpp <<'EOF'
#include "print.h"
int main() {
    print("Hello, Log!\n", "log.txt");
    return 0;
}
EOF
ubuntu@Ubuntu-GUI:~/KhotAbuch/workspace/projects/lab03$ g++ -std=c++11 -I./include -c sources/print.cpp
In file included from sources/print.cpp:1:
./include/print.h:4:62: error: ‘cout’ is not a member of ‘std’
    4 | void print(const std::string& text, std::ostream& out = std::cout);
      |                                                              ^~~~
./include/print.h:4:1: note: ‘std::cout’ is defined in header ‘<iostream>’; did you forget to ‘#include <iostream>’?
    3 | #include <fstream>
  +++ |+#include <iostream>
    4 | void print(const std::string& text, std::ostream& out = std::cout);
ubuntu@Ubuntu-GUI:~/KhotAbuch/workspace/projects/lab03$ cat > sources/print.cpp <<'EOF'
> EOF
ubuntu@Ubuntu-GUI:~/KhotAbuch/workspace/projects/lab03$ cat > sources/print.cpp <<'EOF'
#include "print.h"
#include <fstream>
void print(const std::string& text, std::ostream& out) {
    out << text;
}
void print(const std::string& text, const std::string& filename) {
    std::ofstream file(filename, std::ios::app);
    print(text, file);
}
EOF
ubuntu@Ubuntu-GUI:~/KhotAbuch/workspace/projects/lab03$ cat > include/print.h <<'EOF'
#pragma once
#include <string>
#include <iostream>
#include <fstream>
void print(const std::string& text, std::ostream& out = std::cout);
void print(const std::string& text, const std::string& filename);
EOF
ubuntu@Ubuntu-GUI:~/KhotAbuch/workspace/projects/lab03$ g++ -std=c++11 -I./include -c sources/print.cpp
ubuntu@Ubuntu-GUI:~/KhotAbuch/workspace/projects/lab03$ ls print.o
print.o
ubuntu@Ubuntu-GUI:~/KhotAbuch/workspace/projects/lab03$ nm print.o | grep print
0000000000000000 T _Z5printRKNSt7__cxx1112basic_stringIcSt11char_traitsIcESaIcEEERSo
0000000000000028 T _Z5printRKNSt7__cxx1112basic_stringIcSt11char_traitsIcESaIcEEES6_
ubuntu@Ubuntu-GUI:~/KhotAbuch/workspace/projects/lab03$ ar rvs print.a print.o
ar: creating print.a
a - print.o
ubuntu@Ubuntu-GUI:~/KhotAbuch/workspace/projects/lab03$ file print.a
print.a: current ar archive
ubuntu@Ubuntu-GUI:~/KhotAbuch/workspace/projects/lab03$ g++ -std=c++11 -I./include -c examples/example1.cpp
ubuntu@Ubuntu-GUI:~/KhotAbuch/workspace/projects/lab03$ ls example1.o
example1.o
ubuntu@Ubuntu-GUI:~/KhotAbuch/workspace/projects/lab03$ g++ example1.o print.a -o example1
ubuntu@Ubuntu-GUI:~/KhotAbuch/workspace/projects/lab03$ ./example1 && echo
Hello, World!

ubuntu@Ubuntu-GUI:~/KhotAbuch/workspace/projects/lab03$ g++ -std=c++11 -I./include -c examples/example2.cpp
ubuntu@Ubuntu-GUI:~/KhotAbuch/workspace/projects/lab03$ nm example2.o
0000000000000000 V DW.ref.__gxx_personality_v0
                 U __gxx_personality_v0
0000000000000000 T main
                 U __stack_chk_fail
                 U __stack_chk_guard
                 U _Unwind_Resume
                 U _Z5printRKNSt7__cxx1112basic_stringIcSt11char_traitsIcESaIcEEES6_
0000000000000000 W _ZNSt15__new_allocatorIcED1Ev
0000000000000000 W _ZNSt15__new_allocatorIcED2Ev
0000000000000000 n _ZNSt15__new_allocatorIcED5Ev
                 U _ZNSt7__cxx1112basic_stringIcSt11char_traitsIcESaIcEEC1EPKcRKS3_
                 U _ZNSt7__cxx1112basic_stringIcSt11char_traitsIcESaIcEED1Ev
                 U _ZSt21ios_base_library_initv
0000000000000000 r _ZStL19piecewise_construct
ubuntu@Ubuntu-GUI:~/KhotAbuch/workspace/projects/lab03$ g++ example2.o print.a -o example2
ubuntu@Ubuntu-GUI:~/KhotAbuch/workspace/projects/lab03$ ./example2
ubuntu@Ubuntu-GUI:~/KhotAbuch/workspace/projects/lab03$ cat log.txt && echo
Hello, Log!

ubuntu@Ubuntu-GUI:~/KhotAbuch/workspace/projects/lab03$ rm -rf example1.o example2.o print.o
ubuntu@Ubuntu-GUI:~/KhotAbuch/workspace/projects/lab03$ rm -rf print.a
ubuntu@Ubuntu-GUI:~/KhotAbuch/workspace/projects/lab03$ rm -rf example1 example2
ubuntu@Ubuntu-GUI:~/KhotAbuch/workspace/projects/lab03$ rm -rf log.txt
ubuntu@Ubuntu-GUI:~/KhotAbuch/workspace/projects/lab03$ cat > CMakeLists.txt <<EOF
cmake_minimum_required(VERSION 3.4)
project(print)
EOF
ubuntu@Ubuntu-GUI:~/KhotAbuch/workspace/projects/lab03$ cat > CMakeLists.txt <<EOF
cmake_minimum_required(VERSION 3.4)
project(print)
> set(CMAKE_CXX_STANDARD 11)
set(CMAKE_CXX_STANDARD_REQUIRED ON)
> add_library(print STATIC \${CMAKE_CURRENT_SOURCE_DIR}/sources/print.cpp)
> include_directories(\${CMAKE_CURRENT_SOURCE_DIR}/include)
> EOF
ubuntu@Ubuntu-GUI:~/KhotAbuch/workspace/projects/lab03$ cmake -H. -B_build
CMake Deprecation Warning at CMakeLists.txt:1 (cmake_minimum_required):
  Compatibility with CMake < 3.5 will be removed from a future version of
  CMake.

  Update the VERSION argument <min> value or use a ...<max> suffix to tell
  CMake that the project does not need compatibility with older versions.


-- The C compiler identification is GNU 13.3.0
-- The CXX compiler identification is GNU 13.3.0
-- Detecting C compiler ABI info
-- Detecting C compiler ABI info - done
-- Check for working C compiler: /usr/bin/cc - skipped
-- Detecting C compile features
-- Detecting C compile features - done
-- Detecting CXX compiler ABI info
-- Detecting CXX compiler ABI info - done
-- Check for working CXX compiler: /usr/bin/c++ - skipped
-- Detecting CXX compile features
-- Detecting CXX compile features - done
-- Configuring done (0.3s)
-- Generating done (0.0s)
-- Build files have been written to: /home/ubuntu/KhotAbuch/workspace/projects/lab03/_build
ubuntu@Ubuntu-GUI:~/KhotAbuch/workspace/projects/lab03$ cmake --build _build
[ 50%] Building CXX object CMakeFiles/print.dir/sources/print.cpp.o
[100%] Linking CXX static library libprint.a
[100%] Built target print
ubuntu@Ubuntu-GUI:~/KhotAbuch/workspace/projects/lab03$ cat > CMakeLists.txt <<EOF
cmake_minimum_required(VERSION 3.4)
project(print)
> set(CMAKE_CXX_STANDARD 11)
set(CMAKE_CXX_STANDARD_REQUIRED ON)
> add_library(print STATIC \${CMAKE_CURRENT_SOURCE_DIR}/sources/print.cpp)
> include_directories(\${CMAKE_CURRENT_SOURCE_DIR}/include)
> add_executable(example1 \${CMAKE_CURRENT_SOURCE_DIR}/examples/example1.cpp)
add_executable(example2 \${CMAKE_CURRENT_SOURCE_DIR}/examples/example2.cpp)
> target_link_libraries(example1 print)
target_link_libraries(example2 print)
EOF
ubuntu@Ubuntu-GUI:~/KhotAbuch/workspace/projects/lab03$ cmake --build _build
CMake Error at CMakeLists.txt:3:
  Parse error.  Expected a command name, got unquoted argument with text ">".


-- Configuring incomplete, errors occurred!
gmake: *** [Makefile:179: cmake_check_build_system] Error 1
ubuntu@Ubuntu-GUI:~/KhotAbuch/workspace/projects/lab03$ nano CMakeLists.txt
ubuntu@Ubuntu-GUI:~/KhotAbuch/workspace/projects/lab03$ cmake --build _build
CMake Deprecation Warning at CMakeLists.txt:1 (cmake_minimum_required):
  Compatibility with CMake < 3.5 will be removed from a future version of
  CMake.

  Update the VERSION argument <min> value or use a ...<max> suffix to tell
  CMake that the project does not need compatibility with older versions.


-- Configuring done (0.0s)
-- Generating done (0.0s)
-- Build files have been written to: /home/ubuntu/KhotAbuch/workspace/projects/lab03/_build
[ 33%] Built target print
[ 50%] Building CXX object CMakeFiles/example1.dir/examples/example1.cpp.o
[ 66%] Linking CXX executable example1
[ 66%] Built target example1
[ 83%] Building CXX object CMakeFiles/example2.dir/examples/example2.cpp.o
[100%] Linking CXX executable example2
[100%] Built target example2
ubuntu@Ubuntu-GUI:~/KhotAbuch/workspace/projects/lab03$ cmake --build _build --target print
[100%] Built target print
ubuntu@Ubuntu-GUI:~/KhotAbuch/workspace/projects/lab03$ cmake --build _build --target example1
[ 50%] Built target print
[100%] Built target example1
ubuntu@Ubuntu-GUI:~/KhotAbuch/workspace/projects/lab03$ cmake --build _build --target example2
[ 50%] Built target print
[100%] Built target example2
ubuntu@Ubuntu-GUI:~/KhotAbuch/workspace/projects/lab03$ ls -la _build/libprint.a
-rw-rw-r-- 1 ubuntu ubuntu 3752 Jun  7 04:26 _build/libprint.a
ubuntu@Ubuntu-GUI:~/KhotAbuch/workspace/projects/lab03$ _build/example1 && echo
Hello, World!

ubuntu@Ubuntu-GUI:~/KhotAbuch/workspace/projects/lab03$ _build/example2
ubuntu@Ubuntu-GUI:~/KhotAbuch/workspace/projects/lab03$ cat log.txt && echo
Hello, Log!

ubuntu@Ubuntu-GUI:~/KhotAbuch/workspace/projects/lab03$ rm -rf log.txt
ubuntu@Ubuntu-GUI:~/KhotAbuch/workspace/projects/lab03$ git clone https://github.com/tp-labs/lab03 tmp
Cloning into 'tmp'...
remote: Enumerating objects: 91, done.
remote: Counting objects: 100% (30/30), done.
remote: Compressing objects: 100% (9/9), done.
remote: Total 91 (delta 23), reused 21 (delta 21), pack-reused 61 (from 1)
Receiving objects: 100% (91/91), 1.02 MiB | 3.67 MiB/s, done.
Resolving deltas: 100% (41/41), done.
ubuntu@Ubuntu-GUI:~/KhotAbuch/workspace/projects/lab03$ mv -f tmp/CMakeLists.txt .
ubuntu@Ubuntu-GUI:~/KhotAbuch/workspace/projects/lab03$ rm -rf tmp
ubuntu@Ubuntu-GUI:~/KhotAbuch/workspace/projects/lab03$ cat CMakeLists.txt
cmake_minimum_required(VERSION 3.4)

set(CMAKE_CXX_STANDARD 11)
set(CMAKE_CXX_STANDARD_REQUIRED ON)

option(BUILD_EXAMPLES "Build examples" OFF)

project(print)

add_library(print STATIC ${CMAKE_CURRENT_SOURCE_DIR}/sources/print.cpp)

target_include_directories(print PUBLIC
  $<BUILD_INTERFACE:${CMAKE_CURRENT_SOURCE_DIR}/include>
  $<INSTALL_INTERFACE:include>
)

if(BUILD_EXAMPLES)
  file(GLOB EXAMPLE_SOURCES "${CMAKE_CURRENT_SOURCE_DIR}/examples/*.cpp")
  foreach(EXAMPLE_SOURCE ${EXAMPLE_SOURCES})
    get_filename_component(EXAMPLE_NAME ${EXAMPLE_SOURCE} NAME_WE)
    add_executable(${EXAMPLE_NAME} ${EXAMPLE_SOURCE})
    target_link_libraries(${EXAMPLE_NAME} print)
    install(TARGETS ${EXAMPLE_NAME}
      RUNTIME DESTINATION bin
    )
  endforeach(EXAMPLE_SOURCE ${EXAMPLE_SOURCES})
endif()

install(TARGETS print
    EXPORT print-config
    ARCHIVE DESTINATION lib
    LIBRARY DESTINATION lib
)

install(DIRECTORY ${CMAKE_CURRENT_SOURCE_DIR}/include/ DESTINATION include)
install(EXPORT print-config DESTINATION cmake)
ubuntu@Ubuntu-GUI:~/KhotAbuch/workspace/projects/lab03$ cmake -H. -B_build -DCMAKE_INSTALL_PREFIX=_install
CMake Deprecation Warning at CMakeLists.txt:1 (cmake_minimum_required):
  Compatibility with CMake < 3.5 will be removed from a future version of
  CMake.

  Update the VERSION argument <min> value or use a ...<max> suffix to tell
  CMake that the project does not need compatibility with older versions.


-- Configuring done (0.0s)
-- Generating done (0.0s)
-- Build files have been written to: /home/ubuntu/KhotAbuch/workspace/projects/lab03/_build
ubuntu@Ubuntu-GUI:~/KhotAbuch/workspace/projects/lab03$ cmake --build _build --target install
[100%] Built target print
Install the project...
-- Install configuration: ""
-- Installing: /home/ubuntu/KhotAbuch/workspace/projects/lab03/_install/lib/libprint.a
-- Installing: /home/ubuntu/KhotAbuch/workspace/projects/lab03/_install/include
-- Installing: /home/ubuntu/KhotAbuch/workspace/projects/lab03/_install/include/print.h
-- Installing: /home/ubuntu/KhotAbuch/workspace/projects/lab03/_install/cmake/print-config.cmake
-- Installing: /home/ubuntu/KhotAbuch/workspace/projects/lab03/_install/cmake/print-config-noconfig.cmake
ubuntu@Ubuntu-GUI:~/KhotAbuch/workspace/projects/lab03$ tree _install
_install
├── cmake
│   ├── print-config.cmake
│   └── print-config-noconfig.cmake
├── include
│   └── print.h
└── lib
    └── libprint.a

4 directories, 4 files
ubuntu@Ubuntu-GUI:~/KhotAbuch/workspace/projects/lab03$ git add CMakeLists.txt
ubuntu@Ubuntu-GUI:~/KhotAbuch/workspace/projects/lab03$ git status
On branch main
Changes to be committed:
  (use "git restore --staged <file>..." to unstage)
	new file:   CMakeLists.txt

Untracked files:
  (use "git add <file>..." to include in what will be committed)
	_build/
	_install/
	examples/
	include/
	sources/

ubuntu@Ubuntu-GUI:~/KhotAbuch/workspace/projects/lab03$ git commit -m"added CMakeLists.txt"
[main 9261b16] added CMakeLists.txt
 1 file changed, 36 insertions(+)
 create mode 100644 CMakeLists.txt
ubuntu@Ubuntu-GUI:~/KhotAbuch/workspace/projects/lab03$ git push origin master
error: src refspec master does not match any
error: failed to push some refs to 'https://github.com/KhotAbuch/lab03.git'
ubuntu@Ubuntu-GUI:~/KhotAbuch/workspace/projects/lab03$ git push origin main
Username for 'https://github.com': KhotAbuch
Password for 'https://KhotAbuch@github.com': 
remote: Support for password authentication was removed on August 13, 2021.
remote: Please see https://docs.github.com/get-started/getting-started-with-git/about-remote-repositories#cloning-with-https-urls for information on currently recommended modes of authentication.
fatal: Authentication failed for 'https://github.com/KhotAbuch/lab03.git/'
ubuntu@Ubuntu-GUI:~/KhotAbuch/workspace/projects/lab03$ git push origin main
Username for 'https://github.com': KhotAbuch
Password for 'https://KhotAbuch@github.com': 
Enumerating objects: 12, done.
Counting objects: 100% (12/12), done.
Delta compression using up to 4 threads
Compressing objects: 100% (10/10), done.
Writing objects: 100% (12/12), 5.11 KiB | 5.11 MiB/s, done.
Total 12 (delta 0), reused 9 (delta 0), pack-reused 0
To https://github.com/KhotAbuch/lab03.git
 * [new branch]      main -> main
ubuntu@Ubuntu-GUI:~/KhotAbuch/workspace/projects/lab03$ 
