ubuntu@Ubuntu-GUI:~$ export GITHUB_USERNAME=KhotAbuch
ubuntu@Ubuntu-GUI:~$ export GITHUB_EMAIL=quentinthanks@yandex.ru
ubuntu@Ubuntu-GUI:~$ export GITHUB_TOKEN=*****
ubuntu@Ubuntu-GUI:~$ alias edit=nano
ubuntu@Ubuntu-GUI:~$ cd KhotAbuch/workspace
ubuntu@Ubuntu-GUI:~/KhotAbuch/workspace$ source scripts/activate
ubuntu@Ubuntu-GUI:~/KhotAbuch/workspace$ mkdir ~/.config
mkdir: cannot create directory ‘/home/ubuntu/.config’: File exists
ubuntu@Ubuntu-GUI:~/KhotAbuch/workspace$ cat > ~/.config/hub <<EOF
github.com:
- user: ${GITHUB_USERNAME}
  oauth_token: ${GITHUB_TOKEN}
  protocol: https
EOF
ubuntu@Ubuntu-GUI:~/KhotAbuch/workspace$ nano config/hub
ubuntu@Ubuntu-GUI:~/KhotAbuch/workspace$ nano .config/hub
ubuntu@Ubuntu-GUI:~/KhotAbuch/workspace$ nano ~/.config/hub
ubuntu@Ubuntu-GUI:~/KhotAbuch/workspace$ git config --global hub.protocol https
ubuntu@Ubuntu-GUI:~/KhotAbuch/workspace$ mkdir projects/lab02 && cd projects/lab02
ubuntu@Ubuntu-GUI:~/KhotAbuch/workspace/projects/lab02$ git init
hint: Using 'master' as the name for the initial branch. This default branch name
hint: is subject to change. To configure the initial branch name to use in all
hint: of your new repositories, which will suppress this warning, call:
hint: 
hint: 	git config --global init.defaultBranch <name>
hint: 
hint: Names commonly chosen instead of 'master' are 'main', 'trunk' and
hint: 'development'. The just-created branch can be renamed via this command:
hint: 
hint: 	git branch -m <name>
Initialized empty Git repository in /home/ubuntu/KhotAbuch/workspace/projects/lab02/.git/
ubuntu@Ubuntu-GUI:~/KhotAbuch/workspace/projects/lab02$ git config --global user.name ${GITHUB_USERNAME}
ubuntu@Ubuntu-GUI:~/KhotAbuch/workspace/projects/lab02$ git config --global user.email ${GITHUB_EMAIL}
ubuntu@Ubuntu-GUI:~/KhotAbuch/workspace/projects/lab02$ git config -e --global
ubuntu@Ubuntu-GUI:~/KhotAbuch/workspace/projects/lab02$ git remote add origin https://github.com/${GITHUB_USERNAME}/lab02.git
ubuntu@Ubuntu-GUI:~/KhotAbuch/workspace/projects/lab02$ git pull origin master
fatal: couldn't find remote ref master
ubuntu@Ubuntu-GUI:~/KhotAbuch/workspace/projects/lab02$ git pull origin main
fatal: couldn't find remote ref main
ubuntu@Ubuntu-GUI:~/KhotAbuch/workspace/projects/lab02$ git remote add origin https://github.com/KhotAbuch/lab02.git
error: remote origin already exists.
ubuntu@Ubuntu-GUI:~/KhotAbuch/workspace/projects/lab02$ git pull origin master
fatal: couldn't find remote ref master
ubuntu@Ubuntu-GUI:~/KhotAbuch/workspace/projects/lab02$ git remote -v
origin	https://github.com/KhotAbuch/lab02.git (fetch)
origin	https://github.com/KhotAbuch/lab02.git (push)
ubuntu@Ubuntu-GUI:~/KhotAbuch/workspace/projects/lab02$ git fetch origin
ubuntu@Ubuntu-GUI:~/KhotAbuch/workspace/projects/lab02$ git branch -a
ubuntu@Ubuntu-GUI:~/KhotAbuch/workspace/projects/lab02$ git pull origin main
fatal: couldn't find remote ref main
ubuntu@Ubuntu-GUI:~/KhotAbuch/workspace/projects/lab02$ git remote -v
origin	https://github.com/KhotAbuch/lab02.git (fetch)
origin	https://github.com/KhotAbuch/lab02.git (push)
ubuntu@Ubuntu-GUI:~/KhotAbuch/workspace/projects/lab02$ git checkout -b main
Switched to a new branch 'main'
ubuntu@Ubuntu-GUI:~/KhotAbuch/workspace/projects/lab02$ git add . 
ubuntu@Ubuntu-GUI:~/KhotAbuch/workspace/projects/lab02$ git commit -m "JUSA"
On branch main

Initial commit

nothing to commit (create/copy files and use "git add" to track)
ubuntu@Ubuntu-GUI:~/KhotAbuch/workspace/projects/lab02$ ls
ubuntu@Ubuntu-GUI:~/KhotAbuch/workspace/projects/lab02$ git remote -v
origin	https://github.com/KhotAbuch/lab02.git (fetch)
origin	https://github.com/KhotAbuch/lab02.git (push)
ubuntu@Ubuntu-GUI:~/KhotAbuch/workspace/projects/lab02$ ls
ubuntu@Ubuntu-GUI:~/KhotAbuch/workspace/projects/lab02$ touch README.md
ubuntu@Ubuntu-GUI:~/KhotAbuch/workspace/projects/lab02$ echo "# Лабораторная работа 2" > README.md
ubuntu@Ubuntu-GUI:~/KhotAbuch/workspace/projects/lab02$ git commit -m "readme added"
On branch main

Initial commit

Untracked files:
  (use "git add <file>..." to include in what will be committed)
	README.md

nothing added to commit but untracked files present (use "git add" to track)
ubuntu@Ubuntu-GUI:~/KhotAbuch/workspace/projects/lab02$ git add
Nothing specified, nothing added.
hint: Maybe you wanted to say 'git add .'?
hint: Turn this message off by running
hint: "git config advice.addEmptyPathspec false"
ubuntu@Ubuntu-GUI:~/KhotAbuch/workspace/projects/lab02$  git status
On branch main

No commits yet

Untracked files:
  (use "git add <file>..." to include in what will be committed)
	README.md

nothing added to commit but untracked files present (use "git add" to track)
ubuntu@Ubuntu-GUI:~/KhotAbuch/workspace/projects/lab02$ git add README.md
ubuntu@Ubuntu-GUI:~/KhotAbuch/workspace/projects/lab02$ git status
On branch main

No commits yet

Changes to be committed:
  (use "git rm --cached <file>..." to unstage)
	new file:   README.md

ubuntu@Ubuntu-GUI:~/KhotAbuch/workspace/projects/lab02$ git commit -m "readme added"
error: gpg failed to sign the data:
[GNUPG:] KEY_CONSIDERED A5F0F63139165E0049B30010480EFDFDD6E35953 2
[GNUPG:] BEGIN_SIGNING H10
[GNUPG:] PINENTRY_LAUNCHED 45995 gnome3:curses 1.2.1 /dev/pts/0 xterm-256color - 20620/1000/5 1000/1000 -
gpg: signing failed: Operation cancelled
[GNUPG:] FAILURE sign 83886179
gpg: signing failed: Operation cancelled

fatal: failed to write commit object
ubuntu@Ubuntu-GUI:~/KhotAbuch/workspace/projects/lab02$ git commit -m "readme added"
[main (root-commit) a0aa59a] readme added
 1 file changed, 1 insertion(+)
 create mode 100644 README.md
ubuntu@Ubuntu-GUI:~/KhotAbuch/workspace/projects/lab02$ git commit -m"added README.md"
On branch main
nothing to commit, working tree clean
ubuntu@Ubuntu-GUI:~/KhotAbuch/workspace/projects/lab02$ git pull origin master
fatal: couldn't find remote ref master
ubuntu@Ubuntu-GUI:~/KhotAbuch/workspace/projects/lab02$ git pull origin master
fatal: couldn't find remote ref master
ubuntu@Ubuntu-GUI:~/KhotAbuch/workspace/projects/lab02$ git pull origin main
fatal: couldn't find remote ref main
ubuntu@Ubuntu-GUI:~/KhotAbuch/workspace/projects/lab02$ git push -u origin main
Username for 'https://github.com': KhotAbuch
Password for 'https://KhotAbuch@github.com': 
Enumerating objects: 3, done.
Counting objects: 100% (3/3), done.
Writing objects: 100% (3/3), 905 bytes | 905.00 KiB/s, done.
Total 3 (delta 0), reused 0 (delta 0), pack-reused 0
To https://github.com/KhotAbuch/lab02.git
 * [new branch]      main -> main
branch 'main' set up to track 'origin/main'.
ubuntu@Ubuntu-GUI:~/KhotAbuch/workspace/projects/lab02$ 
